Error: bind EADDRINUSE null:3001
    at listenOnPrimaryHandle (node:net:2090:18)
    at shared (node:internal/cluster/child:158:3)
    at Worker.<anonymous> (node:internal/cluster/child:111:7)
    at process.onInternalMessage (node:internal/cluster/utils:49:5)
    at process.emit (node:events:521:24)
    at emit (node:internal/child_process:972:14)
    at process.processTicksAndRejections (node:internal/process/task_queues:91:21)
Error: bind EADDRINUSE null:3001
    at listenOnPrimaryHandle (node:net:2090:18)
    at shared (node:internal/cluster/child:158:3)
    at Worker.<anonymous> (node:internal/cluster/child:111:7)
    at process.onInternalMessage (node:internal/cluster/utils:49:5)
    at process.emit (node:events:521:24)
    at emit (node:internal/child_process:972:14)
    at process.processTicksAndRejections (node:internal/process/task_queues:91:21)
Error: bind EADDRINUSE null:3001
    at listenOnPrimaryHandle (node:net:2090:18)
    at shared (node:internal/cluster/child:158:3)
    at Worker.<anonymous> (node:internal/cluster/child:111:7)
    at process.onInternalMessage (node:internal/cluster/utils:49:5)
    at process.emit (node:events:521:24)
    at emit (node:internal/child_process:972:14)
    at process.processTicksAndRejections (node:internal/process/task_queues:91:21)
Error: bind EADDRINUSE null:3001
    at listenOnPrimaryHandle (node:net:2090:18)
    at shared (node:internal/cluster/child:158:3)
    at Worker.<anonymous> (node:internal/cluster/child:111:7)
    at process.onInternalMessage (node:internal/cluster/utils:49:5)
    at process.emit (node:events:521:24)
    at emit (node:internal/child_process:972:14)
    at process.processTicksAndRejections (node:internal/process/task_queues:91:21)
Error: bind EADDRINUSE null:3001
    at listenOnPrimaryHandle (node:net:2090:18)
    at shared (node:internal/cluster/child:158:3)
    at Worker.<anonymous> (node:internal/cluster/child:111:7)
    at process.onInternalMessage (node:internal/cluster/utils:49:5)
    at process.emit (node:events:521:24)
    at emit (node:internal/child_process:972:14)
    at process.processTicksAndRejections (node:internal/process/task_queues:91:21)
Error: bind EADDRINUSE null:3001
    at listenOnPrimaryHandle (node:net:2090:18)
    at shared (node:internal/cluster/child:158:3)
    at Worker.<anonymous> (node:internal/cluster/child:111:7)
    at process.onInternalMessage (node:internal/cluster/utils:49:5)
    at process.emit (node:events:521:24)
    at emit (node:internal/child_process:972:14)
    at process.processTicksAndRejections (node:internal/process/task_queues:91:21)
Error: bind EADDRINUSE null:3001
    at listenOnPrimaryHandle (node:net:2090:18)
    at shared (node:internal/cluster/child:158:3)
    at Worker.<anonymous> (node:internal/cluster/child:111:7)
    at process.onInternalMessage (node:internal/cluster/utils:49:5)
    at process.emit (node:events:521:24)
    at emit (node:internal/child_process:972:14)
    at process.processTicksAndRejections (node:internal/process/task_queues:91:21)
Error: bind EADDRINUSE null:3001
    at listenOnPrimaryHandle (node:net:2090:18)
    at shared (node:internal/cluster/child:158:3)
    at Worker.<anonymous> (node:internal/cluster/child:111:7)
    at process.onInternalMessage (node:internal/cluster/utils:49:5)
    at process.emit (node:events:521:24)
    at emit (node:internal/child_process:972:14)
    at process.processTicksAndRejections (node:internal/process/task_queues:91:21)
Error: bind EADDRINUSE null:3001
    at listenOnPrimaryHandle (node:net:2090:18)
    at shared (node:internal/cluster/child:158:3)
    at Worker.<anonymous> (node:internal/cluster/child:111:7)
    at process.onInternalMessage (node:internal/cluster/utils:49:5)
    at process.emit (node:events:521:24)
    at emit (node:internal/child_process:972:14)
    at process.processTicksAndRejections (node:internal/process/task_queues:91:21)
Error: bind EADDRINUSE null:3001
    at listenOnPrimaryHandle (node:net:2090:18)
    at shared (node:internal/cluster/child:158:3)
    at Worker.<anonymous> (node:internal/cluster/child:111:7)
    at process.onInternalMessage (node:internal/cluster/utils:49:5)
    at process.emit (node:events:521:24)
    at emit (node:internal/child_process:972:14)
    at process.processTicksAndRejections (node:internal/process/task_queues:91:21)
Error: bind EADDRINUSE null:3001
    at listenOnPrimaryHandle (node:net:2090:18)
    at shared (node:internal/cluster/child:158:3)
    at Worker.<anonymous> (node:internal/cluster/child:111:7)
    at process.onInternalMessage (node:internal/cluster/utils:49:5)
    at process.emit (node:events:521:24)
    at emit (node:internal/child_process:972:14)
    at process.processTicksAndRejections (node:internal/process/task_queues:91:21)
Error: bind EADDRINUSE null:3001
    at listenOnPrimaryHandle (node:net:2090:18)
    at shared (node:internal/cluster/child:158:3)
    at Worker.<anonymous> (node:internal/cluster/child:111:7)
    at process.onInternalMessage (node:internal/cluster/utils:49:5)
    at process.emit (node:events:521:24)
    at emit (node:internal/child_process:972:14)
    at process.processTicksAndRejections (node:internal/process/task_queues:91:21)
Error: bind EADDRINUSE null:3001
    at listenOnPrimaryHandle (node:net:2090:18)
    at shared (node:internal/cluster/child:158:3)
    at Worker.<anonymous> (node:internal/cluster/child:111:7)
    at process.onInternalMessage (node:internal/cluster/utils:49:5)
    at process.emit (node:events:521:24)
    at emit (node:internal/child_process:972:14)
    at process.processTicksAndRejections (node:internal/process/task_queues:91:21)
Error: bind EADDRINUSE null:3001
    at listenOnPrimaryHandle (node:net:2090:18)
    at shared (node:internal/cluster/child:158:3)
    at Worker.<anonymous> (node:internal/cluster/child:111:7)
    at process.onInternalMessage (node:internal/cluster/utils:49:5)
    at process.emit (node:events:521:24)
    at emit (node:internal/child_process:972:14)
    at process.processTicksAndRejections (node:internal/process/task_queues:91:21)
Error: bind EADDRINUSE null:3001
    at listenOnPrimaryHandle (node:net:2090:18)
    at shared (node:internal/cluster/child:158:3)
    at Worker.<anonymous> (node:internal/cluster/child:111:7)
    at process.onInternalMessage (node:internal/cluster/utils:49:5)
    at process.emit (node:events:521:24)
    at emit (node:internal/child_process:972:14)
    at process.processTicksAndRejections (node:internal/process/task_queues:91:21)
Error: bind EADDRINUSE null:3001
    at listenOnPrimaryHandle (node:net:2090:18)
    at shared (node:internal/cluster/child:158:3)
    at Worker.<anonymous> (node:internal/cluster/child:111:7)
    at process.onInternalMessage (node:internal/cluster/utils:49:5)
    at process.emit (node:events:521:24)
    at emit (node:internal/child_process:972:14)
    at process.processTicksAndRejections (node:internal/process/task_queues:91:21)
Error: bind EADDRINUSE null:3001
    at listenOnPrimaryHandle (node:net:2090:18)
    at shared (node:internal/cluster/child:158:3)
    at Worker.<anonymous> (node:internal/cluster/child:111:7)
    at process.onInternalMessage (node:internal/cluster/utils:49:5)
    at process.emit (node:events:521:24)
    at emit (node:internal/child_process:972:14)
    at process.processTicksAndRejections (node:internal/process/task_queues:91:21)
Error: bind EADDRINUSE null:3001
    at listenOnPrimaryHandle (node:net:2090:18)
    at shared (node:internal/cluster/child:158:3)
    at Worker.<anonymous> (node:internal/cluster/child:111:7)
    at process.onInternalMessage (node:internal/cluster/utils:49:5)
    at process.emit (node:events:521:24)
    at emit (node:internal/child_process:972:14)
    at process.processTicksAndRejections (node:internal/process/task_queues:91:21)
Error: bind EADDRINUSE null:3001
    at listenOnPrimaryHandle (node:net:2090:18)
    at shared (node:internal/cluster/child:158:3)
    at Worker.<anonymous> (node:internal/cluster/child:111:7)
    at process.onInternalMessage (node:internal/cluster/utils:49:5)
    at process.emit (node:events:521:24)
    at emit (node:internal/child_process:972:14)
    at process.processTicksAndRejections (node:internal/process/task_queues:91:21)
Error: bind EADDRINUSE null:3001
    at listenOnPrimaryHandle (node:net:2090:18)
    at shared (node:internal/cluster/child:158:3)
    at Worker.<anonymous> (node:internal/cluster/child:111:7)
    at process.onInternalMessage (node:internal/cluster/utils:49:5)
    at process.emit (node:events:521:24)
    at emit (node:internal/child_process:972:14)
    at process.processTicksAndRejections (node:internal/process/task_queues:91:21)
